Instanzen: 1 | Workers/Instanz: 10

=== 1a) Tasks erzeugen (prepare_tasks.py) ===
> C:\Users\gabri\Download - ICH\Bachelorarbeit\Bachelorarbeit\RoBo_Benchmark\.venv311\Scripts\python.exe Pre_Processing/prepare_tasks.py
Schaetze Maximum je (Funktion, Dimension)...
  Funktion 1, Dimension 2: f_opt_approx = -79.4820
  Funktion 1, Dimension 3: f_opt_approx = -79.6738
  Funktion 1, Dimension 5: f_opt_approx = -81.3153
  Funktion 1, Dimension 10: f_opt_approx = -96.5546
  Funktion 1, Dimension 20: f_opt_approx = -153.0257
  Funktion 24, Dimension 2: f_opt_approx = -104.2001
  Funktion 24, Dimension 3: f_opt_approx = -110.2282
  Funktion 24, Dimension 5: f_opt_approx = -138.6520
  Funktion 24, Dimension 10: f_opt_approx = -228.8922
  Funktion 24, Dimension 20: f_opt_approx = -505.3608
Kombinationen: 10
Tasks gesamt (Kombinationen x 30 Tensorbloecke): 300
Tensor-Shape: (30, 5, 20)
Geschrieben nach: C:\Users\gabri\Download - ICH\Bachelorarbeit\Bachelorarbeit\RoBo_Benchmark\data

=== 1b) Tasks aufteilen (split_tasks.py) ===
> C:\Users\gabri\Download - ICH\Bachelorarbeit\Bachelorarbeit\RoBo_Benchmark\.venv311\Scripts\python.exe Pre_Processing/split_tasks.py --instanzen 1
instance_0: 300 Tasks -> C:\Users\gabri\Download - ICH\Bachelorarbeit\Bachelorarbeit\RoBo_Benchmark\data\instances\instance_0

=== 2) Berechnung instance_0 (run_instance.py) ===
> C:\Users\gabri\Download - ICH\Bachelorarbeit\Bachelorarbeit\RoBo_Benchmark\.venv311\Scripts\python.exe Main_Prozess/run_instance.py --instance-dir data/instances/instance_0 --workers 10
Tasks gesamt: 300 | bereits erledigt: 0 | offen: 300
powershell : 
In Zeile:2 Zeichen:1
+ powershell -ExecutionPolicy Bypass -File .\run_pipeline.ps1 *> pipeli ...
+ ~~~~~~~~~~~~~~~~~~~~~~~~~~~~~~~~~~~~~~~~~~~~~~~~~~~~~~~~~~~~~~~~~~~~~
    + CategoryInfo          : NotSpecified: (:String) [], RemoteException
    + FullyQualifiedErrorId : NativeCommandError
 
instance instance_0:   0%|          | 0/300 [00:00<?, ?it/s]
instance instance_0:   0%|          | 1/300 [04:27<22:13:25, 267.58s/it]
instance instance_0:   1%|          | 2/300 [04:37<9:36:37, 116.10s/it] 
instance instance_0:   1%|          | 3/300 [04:47<5:34:24, 67.56s/it] 
instance instance_0:   1%|▏         | 4/300 [04:52<3:32:03, 42.98s/it]
instance instance_0:   2%|▏         | 5/300 [05:56<4:07:48, 50.40s/it]
instance instance_0:   2%|▏         | 6/300 [06:16<3:17:03, 40.22s/it]
instance instance_0:   2%|▏         | 7/300 [06:27<2:29:28, 30.61s/it]
instance instance_0:   3%|▎         | 8/300 [06:47<2:12:18, 27.19s/it]
instance instance_0:   3%|▎         | 9/300 [06:48<1:32:55, 19.16s/it]
instance instance_0:   3%|▎         | 10/300 [06:51<1:08:30, 14.17s/it]
instance instance_0:   4%|▎         | 11/300 [09:33<4:46:11, 59.42s/it]
instance instance_0:   4%|▍         | 12/300 [09:47<3:38:28, 45.51s/it]
